Max30102.c:13:6:spO2setup	16	static
Max30102.c:31:6:setLedMode	16	static
Max30102.c:46:6:setRedAmplitude	16	static
Max30102.c:52:6:setIRAmplitude	16	static
Max30102.c:58:6:setSampleAverage	16	static
Max30102.c:64:6:setSampleRate	16	static
Max30102.c:70:6:setPulseWidth	16	static
Max30102.c:77:6:setADCrange	16	static
Max30102.c:83:6:safeCheck	24	static
Max30102.c:99:6:setFIFOAverage	16	static
Max30102.c:105:6:clearFIFO	8	static
Max30102.c:118:6:enableFIFORollover	8	static
Max30102.c:123:6:disableFIFORollover	8	static
Max30102.c:130:6:setFIFOAlmostFull	16	static
Max30102.c:134:9:getWritePointer	8	static
Max30102.c:140:9:getReadPointer	8	static
Max30102.c:146:6:softReset	16	static
Max30102.c:160:6:shutdDown	8	static
Max30102.c:167:6:wakeUp	8	static
Max30102.c:177:10:check	4	static
Max30102.c:183:9:writeMCU	24	static
Max30102.c:188:9:readMCU	24	static
Max30102.c:194:6:bitMask	16	static
Max30102.c:206:9:getData	16	static
Max30102.c:233:9:getDataBurst	24	static
Max30102.c:276:10:getRedAmp	8	static
Max30102.c:282:10:getIRAmp	8	static
Max30102.c:287:10:getAnything	8	static
